// Jest Snapshot v1, https://goo.gl/fbAQLP

exports[`<AccordionItem> Should render correctly 1`] = `
<li
  content="Hello"
>
  <a
    className="uk-accordion-title"
    role="button"
  >
    Title
  </a>
  <div
    className="uk-accordion-content"
  />
</li>
`;

exports[`<AccordionItem> Should render correctly 2`] = `
<li
  content="Hello"
>
  <a
    className="uk-accordion-title"
    role="button"
  >
    Title
  </a>
  <div
    className="uk-accordion-content"
  />
</li>
`;

exports[`<AccordionItem> Should render correctly 3`] = `
<li
  content="Hello"
>
  <a
    className="uk-accordion-title"
    role="button"
  >
    Title
  </a>
  <div
    className="uk-accordion-content"
  />
</li>
`;
